[2021-11-13T00:15:52.781-0300][gc,heap] Heap region size: 1M
[2021-11-13T00:15:52.788-0300][gc     ] Using G1
[2021-11-13T00:15:52.788-0300][gc,heap,coops] Heap address: 0x00000000c0000000, size: 1024 MB, Compressed Oops mode: 32-bit
[2021-11-13T00:15:52.789-0300][gc,cds       ] Mark closed archive regions in map: [0x00000000fff00000, 0x00000000fff6aff8]
[2021-11-13T00:15:52.789-0300][gc,cds       ] Mark open archive regions in map: [0x00000000ffe00000, 0x00000000ffe46ff8]
[2021-11-13T00:15:53.432-0300][gc,start     ] GC(0) Pause Young (Normal) (G1 Evacuation Pause)
[2021-11-13T00:15:53.432-0300][gc,task      ] GC(0) Using 8 workers of 8 for evacuation
[2021-11-13T00:15:53.438-0300][gc,phases    ] GC(0)   Pre Evacuate Collection Set: 0,0ms
[2021-11-13T00:15:53.438-0300][gc,phases    ] GC(0)   Evacuate Collection Set: 5,6ms
[2021-11-13T00:15:53.438-0300][gc,phases    ] GC(0)   Post Evacuate Collection Set: 0,3ms
[2021-11-13T00:15:53.438-0300][gc,phases    ] GC(0)   Other: 0,4ms
[2021-11-13T00:15:53.438-0300][gc,heap      ] GC(0) Eden regions: 51->0(44)
[2021-11-13T00:15:53.438-0300][gc,heap      ] GC(0) Survivor regions: 0->7(7)
[2021-11-13T00:15:53.438-0300][gc,heap      ] GC(0) Old regions: 2->2
[2021-11-13T00:15:53.438-0300][gc,heap      ] GC(0) Humongous regions: 0->0
[2021-11-13T00:15:53.438-0300][gc,metaspace ] GC(0) Metaspace: 14858K->14858K(1062912K)
[2021-11-13T00:15:53.438-0300][gc           ] GC(0) Pause Young (Normal) (G1 Evacuation Pause) 51M->7M(1024M) 6,304ms
[2021-11-13T00:15:53.438-0300][gc,cpu       ] GC(0) User=0,04s Sys=0,00s Real=0,01s
[2021-11-13T00:15:53.999-0300][gc,start     ] GC(1) Pause Young (Concurrent Start) (Metadata GC Threshold)
[2021-11-13T00:15:53.999-0300][gc,task      ] GC(1) Using 8 workers of 8 for evacuation
[2021-11-13T00:15:54.005-0300][gc,phases    ] GC(1)   Pre Evacuate Collection Set: 0,0ms
[2021-11-13T00:15:54.005-0300][gc,phases    ] GC(1)   Evacuate Collection Set: 5,6ms
[2021-11-13T00:15:54.005-0300][gc,phases    ] GC(1)   Post Evacuate Collection Set: 0,2ms
[2021-11-13T00:15:54.005-0300][gc,phases    ] GC(1)   Other: 0,2ms
[2021-11-13T00:15:54.005-0300][gc,heap      ] GC(1) Eden regions: 25->0(49)
[2021-11-13T00:15:54.005-0300][gc,heap      ] GC(1) Survivor regions: 7->2(7)
[2021-11-13T00:15:54.005-0300][gc,heap      ] GC(1) Old regions: 2->9
[2021-11-13T00:15:54.005-0300][gc,heap      ] GC(1) Humongous regions: 0->0
[2021-11-13T00:15:54.005-0300][gc,metaspace ] GC(1) Metaspace: 20710K->20710K(1067008K)
[2021-11-13T00:15:54.005-0300][gc           ] GC(1) Pause Young (Concurrent Start) (Metadata GC Threshold) 32M->8M(1024M) 6,100ms
[2021-11-13T00:15:54.005-0300][gc,cpu       ] GC(1) User=0,02s Sys=0,00s Real=0,00s
[2021-11-13T00:15:54.005-0300][gc           ] GC(2) Concurrent Cycle
[2021-11-13T00:15:54.005-0300][gc,marking   ] GC(2) Concurrent Clear Claimed Marks
[2021-11-13T00:15:54.005-0300][gc,marking   ] GC(2) Concurrent Clear Claimed Marks 0,015ms
[2021-11-13T00:15:54.005-0300][gc,marking   ] GC(2) Concurrent Scan Root Regions
[2021-11-13T00:15:54.006-0300][gc,marking   ] GC(2) Concurrent Scan Root Regions 0,748ms
[2021-11-13T00:15:54.006-0300][gc,marking   ] GC(2) Concurrent Mark (1,250s)
[2021-11-13T00:15:54.006-0300][gc,marking   ] GC(2) Concurrent Mark From Roots
[2021-11-13T00:15:54.006-0300][gc,task      ] GC(2) Using 2 workers of 2 for marking
[2021-11-13T00:15:54.010-0300][gc,marking   ] GC(2) Concurrent Mark From Roots 4,138ms
[2021-11-13T00:15:54.010-0300][gc,marking   ] GC(2) Concurrent Preclean
[2021-11-13T00:15:54.010-0300][gc,marking   ] GC(2) Concurrent Preclean 0,074ms
[2021-11-13T00:15:54.010-0300][gc,marking   ] GC(2) Concurrent Mark (1,250s, 1,254s) 4,250ms
[2021-11-13T00:15:54.010-0300][gc,start     ] GC(2) Pause Remark
[2021-11-13T00:15:54.011-0300][gc,stringtable] GC(2) Cleaned string and symbol table, strings: 5179 processed, 0 removed, symbols: 51010 processed, 47 removed
[2021-11-13T00:15:54.011-0300][gc            ] GC(2) Pause Remark 9M->9M(1024M) 1,129ms
[2021-11-13T00:15:54.012-0300][gc,cpu        ] GC(2) User=0,01s Sys=0,00s Real=0,00s
[2021-11-13T00:15:54.012-0300][gc,marking    ] GC(2) Concurrent Rebuild Remembered Sets
[2021-11-13T00:15:54.014-0300][gc,marking    ] GC(2) Concurrent Rebuild Remembered Sets 2,052ms
[2021-11-13T00:15:54.014-0300][gc,start      ] GC(2) Pause Cleanup
[2021-11-13T00:15:54.014-0300][gc            ] GC(2) Pause Cleanup 9M->9M(1024M) 0,153ms
[2021-11-13T00:15:54.014-0300][gc,cpu        ] GC(2) User=0,00s Sys=0,00s Real=0,00s
[2021-11-13T00:15:54.014-0300][gc,marking    ] GC(2) Concurrent Cleanup for Next Mark
[2021-11-13T00:15:54.016-0300][gc,marking    ] GC(2) Concurrent Cleanup for Next Mark 2,465ms
[2021-11-13T00:15:54.016-0300][gc            ] GC(2) Concurrent Cycle 11,102ms
[2021-11-13T00:15:54.477-0300][gc,start      ] GC(3) Pause Young (Normal) (G1 Evacuation Pause)
[2021-11-13T00:15:54.477-0300][gc,task       ] GC(3) Using 8 workers of 8 for evacuation
[2021-11-13T00:15:54.481-0300][gc,phases     ] GC(3)   Pre Evacuate Collection Set: 0,0ms
[2021-11-13T00:15:54.481-0300][gc,phases     ] GC(3)   Evacuate Collection Set: 2,9ms
[2021-11-13T00:15:54.481-0300][gc,phases     ] GC(3)   Post Evacuate Collection Set: 0,4ms
[2021-11-13T00:15:54.481-0300][gc,phases     ] GC(3)   Other: 0,1ms
[2021-11-13T00:15:54.481-0300][gc,heap       ] GC(3) Eden regions: 49->0(46)
[2021-11-13T00:15:54.481-0300][gc,heap       ] GC(3) Survivor regions: 2->5(7)
[2021-11-13T00:15:54.481-0300][gc,heap       ] GC(3) Old regions: 9->9
[2021-11-13T00:15:54.481-0300][gc,heap       ] GC(3) Humongous regions: 129->129
[2021-11-13T00:15:54.481-0300][gc,metaspace  ] GC(3) Metaspace: 29210K->29210K(1075200K)
[2021-11-13T00:15:54.481-0300][gc            ] GC(3) Pause Young (Normal) (G1 Evacuation Pause) 186M->140M(1024M) 3,461ms
[2021-11-13T00:15:54.481-0300][gc,cpu        ] GC(3) User=0,01s Sys=0,00s Real=0,00s
[2021-11-13T00:15:54.800-0300][gc,start      ] GC(4) Pause Young (Concurrent Start) (Metadata GC Threshold)
[2021-11-13T00:15:54.800-0300][gc,task       ] GC(4) Using 8 workers of 8 for evacuation
[2021-11-13T00:15:54.804-0300][gc,phases     ] GC(4)   Pre Evacuate Collection Set: 0,1ms
[2021-11-13T00:15:54.804-0300][gc,phases     ] GC(4)   Evacuate Collection Set: 3,1ms
[2021-11-13T00:15:54.804-0300][gc,phases     ] GC(4)   Post Evacuate Collection Set: 0,2ms
[2021-11-13T00:15:54.804-0300][gc,phases     ] GC(4)   Other: 0,2ms
[2021-11-13T00:15:54.804-0300][gc,heap       ] GC(4) Eden regions: 25->0(49)
[2021-11-13T00:15:54.804-0300][gc,heap       ] GC(4) Survivor regions: 5->2(7)
[2021-11-13T00:15:54.804-0300][gc,heap       ] GC(4) Old regions: 9->13
[2021-11-13T00:15:54.804-0300][gc,heap       ] GC(4) Humongous regions: 129->129
[2021-11-13T00:15:54.804-0300][gc,metaspace  ] GC(4) Metaspace: 34572K->34572K(1081344K)
[2021-11-13T00:15:54.804-0300][gc            ] GC(4) Pause Young (Concurrent Start) (Metadata GC Threshold) 165M->142M(1024M) 3,657ms
[2021-11-13T00:15:54.804-0300][gc,cpu        ] GC(4) User=0,02s Sys=0,01s Real=0,00s
[2021-11-13T00:15:54.804-0300][gc            ] GC(5) Concurrent Cycle
[2021-11-13T00:15:54.804-0300][gc,marking    ] GC(5) Concurrent Clear Claimed Marks
[2021-11-13T00:15:54.804-0300][gc,marking    ] GC(5) Concurrent Clear Claimed Marks 0,018ms
[2021-11-13T00:15:54.804-0300][gc,marking    ] GC(5) Concurrent Scan Root Regions
[2021-11-13T00:15:54.805-0300][gc,marking    ] GC(5) Concurrent Scan Root Regions 1,025ms
[2021-11-13T00:15:54.805-0300][gc,marking    ] GC(5) Concurrent Mark (2,049s)
[2021-11-13T00:15:54.805-0300][gc,marking    ] GC(5) Concurrent Mark From Roots
[2021-11-13T00:15:54.805-0300][gc,task       ] GC(5) Using 2 workers of 2 for marking
[2021-11-13T00:15:54.812-0300][gc,marking    ] GC(5) Concurrent Mark From Roots 6,831ms
[2021-11-13T00:15:54.812-0300][gc,marking    ] GC(5) Concurrent Preclean
[2021-11-13T00:15:54.812-0300][gc,marking    ] GC(5) Concurrent Preclean 0,086ms
[2021-11-13T00:15:54.812-0300][gc,marking    ] GC(5) Concurrent Mark (2,049s, 2,056s) 6,964ms
[2021-11-13T00:15:54.812-0300][gc,start      ] GC(5) Pause Remark
[2021-11-13T00:15:54.814-0300][gc,stringtable] GC(5) Cleaned string and symbol table, strings: 10316 processed, 10 removed, symbols: 83193 processed, 16 removed
[2021-11-13T00:15:54.814-0300][gc            ] GC(5) Pause Remark 143M->143M(1024M) 1,800ms
[2021-11-13T00:15:54.814-0300][gc,cpu        ] GC(5) User=0,01s Sys=0,00s Real=0,00s
[2021-11-13T00:15:54.814-0300][gc,marking    ] GC(5) Concurrent Rebuild Remembered Sets
[2021-11-13T00:15:54.818-0300][gc,marking    ] GC(5) Concurrent Rebuild Remembered Sets 3,929ms
[2021-11-13T00:15:54.818-0300][gc,start      ] GC(5) Pause Cleanup
[2021-11-13T00:15:54.818-0300][gc            ] GC(5) Pause Cleanup 144M->144M(1024M) 0,124ms
[2021-11-13T00:15:54.818-0300][gc,cpu        ] GC(5) User=0,00s Sys=0,00s Real=0,00s
[2021-11-13T00:15:54.818-0300][gc,marking    ] GC(5) Concurrent Cleanup for Next Mark
[2021-11-13T00:15:54.821-0300][gc,marking    ] GC(5) Concurrent Cleanup for Next Mark 2,669ms
[2021-11-13T00:15:54.821-0300][gc            ] GC(5) Concurrent Cycle 16,873ms
[2021-11-13T00:58:18.688-0300][gc,start      ] GC(6) Pause Young (Normal) (G1 Evacuation Pause)
[2021-11-13T00:58:18.688-0300][gc,task       ] GC(6) Using 8 workers of 8 for evacuation
[2021-11-13T00:58:18.691-0300][gc,phases     ] GC(6)   Pre Evacuate Collection Set: 0,0ms
[2021-11-13T00:58:18.691-0300][gc,phases     ] GC(6)   Evacuate Collection Set: 2,6ms
[2021-11-13T00:58:18.691-0300][gc,phases     ] GC(6)   Post Evacuate Collection Set: 0,4ms
[2021-11-13T00:58:18.691-0300][gc,phases     ] GC(6)   Other: 0,2ms
[2021-11-13T00:58:18.691-0300][gc,heap       ] GC(6) Eden regions: 49->0(48)
[2021-11-13T00:58:18.691-0300][gc,heap       ] GC(6) Survivor regions: 2->3(7)
[2021-11-13T00:58:18.691-0300][gc,heap       ] GC(6) Old regions: 13->13
[2021-11-13T00:58:18.691-0300][gc,heap       ] GC(6) Humongous regions: 129->129
[2021-11-13T00:58:18.691-0300][gc,metaspace  ] GC(6) Metaspace: 39906K->39906K(1085440K)
[2021-11-13T00:58:18.691-0300][gc            ] GC(6) Pause Young (Normal) (G1 Evacuation Pause) 191M->143M(1024M) 3,247ms
[2021-11-13T00:58:18.691-0300][gc,cpu        ] GC(6) User=0,02s Sys=0,00s Real=0,01s
[2021-11-13T01:05:06.481-0300][gc,start      ] GC(7) Pause Young (Normal) (G1 Evacuation Pause)
[2021-11-13T01:05:06.481-0300][gc,task       ] GC(7) Using 8 workers of 8 for evacuation
[2021-11-13T01:05:06.485-0300][gc,phases     ] GC(7)   Pre Evacuate Collection Set: 0,0ms
[2021-11-13T01:05:06.485-0300][gc,phases     ] GC(7)   Evacuate Collection Set: 3,1ms
[2021-11-13T01:05:06.485-0300][gc,phases     ] GC(7)   Post Evacuate Collection Set: 0,7ms
[2021-11-13T01:05:06.485-0300][gc,phases     ] GC(7)   Other: 0,2ms
[2021-11-13T01:05:06.485-0300][gc,heap       ] GC(7) Eden regions: 48->0(45)
[2021-11-13T01:05:06.485-0300][gc,heap       ] GC(7) Survivor regions: 3->6(7)
[2021-11-13T01:05:06.485-0300][gc,heap       ] GC(7) Old regions: 13->13
[2021-11-13T01:05:06.485-0300][gc,heap       ] GC(7) Humongous regions: 129->129
[2021-11-13T01:05:06.485-0300][gc,metaspace  ] GC(7) Metaspace: 43493K->43493K(1089536K)
[2021-11-13T01:05:06.485-0300][gc            ] GC(7) Pause Young (Normal) (G1 Evacuation Pause) 191M->145M(1024M) 4,014ms
[2021-11-13T01:05:06.485-0300][gc,cpu        ] GC(7) User=0,03s Sys=0,00s Real=0,00s
[2021-11-13T01:33:36.482-0300][gc,start      ] GC(8) Pause Young (Normal) (G1 Evacuation Pause)
[2021-11-13T01:33:36.482-0300][gc,task       ] GC(8) Using 8 workers of 8 for evacuation
[2021-11-13T01:33:36.486-0300][gc,phases     ] GC(8)   Pre Evacuate Collection Set: 0,0ms
[2021-11-13T01:33:36.486-0300][gc,phases     ] GC(8)   Evacuate Collection Set: 4,0ms
[2021-11-13T01:33:36.486-0300][gc,phases     ] GC(8)   Post Evacuate Collection Set: 0,4ms
[2021-11-13T01:33:36.486-0300][gc,phases     ] GC(8)   Other: 0,1ms
[2021-11-13T01:33:36.486-0300][gc,heap       ] GC(8) Eden regions: 45->0(47)
[2021-11-13T01:33:36.486-0300][gc,heap       ] GC(8) Survivor regions: 6->4(7)
[2021-11-13T01:33:36.486-0300][gc,heap       ] GC(8) Old regions: 13->16
[2021-11-13T01:33:36.486-0300][gc,heap       ] GC(8) Humongous regions: 129->129
[2021-11-13T01:33:36.486-0300][gc,metaspace  ] GC(8) Metaspace: 43899K->43899K(1089536K)
[2021-11-13T01:33:36.486-0300][gc            ] GC(8) Pause Young (Normal) (G1 Evacuation Pause) 190M->145M(1024M) 4,581ms
[2021-11-13T01:33:36.486-0300][gc,cpu        ] GC(8) User=0,02s Sys=0,01s Real=0,00s
[2021-11-13T02:00:51.438-0300][gc,start      ] GC(9) Pause Young (Normal) (G1 Evacuation Pause)
[2021-11-13T02:00:51.438-0300][gc,task       ] GC(9) Using 8 workers of 8 for evacuation
[2021-11-13T02:00:51.441-0300][gc,phases     ] GC(9)   Pre Evacuate Collection Set: 0,0ms
[2021-11-13T02:00:51.441-0300][gc,phases     ] GC(9)   Evacuate Collection Set: 2,2ms
[2021-11-13T02:00:51.441-0300][gc,phases     ] GC(9)   Post Evacuate Collection Set: 0,5ms
[2021-11-13T02:00:51.441-0300][gc,phases     ] GC(9)   Other: 0,2ms
[2021-11-13T02:00:51.441-0300][gc,heap       ] GC(9) Eden regions: 47->0(52)
[2021-11-13T02:00:51.441-0300][gc,heap       ] GC(9) Survivor regions: 4->4(7)
[2021-11-13T02:00:51.441-0300][gc,heap       ] GC(9) Old regions: 16->16
[2021-11-13T02:00:51.441-0300][gc,heap       ] GC(9) Humongous regions: 129->129
[2021-11-13T02:00:51.441-0300][gc,metaspace  ] GC(9) Metaspace: 44020K->44020K(1089536K)
[2021-11-13T02:00:51.441-0300][gc            ] GC(9) Pause Young (Normal) (G1 Evacuation Pause) 192M->146M(1024M) 2,895ms
[2021-11-13T02:00:51.441-0300][gc,cpu        ] GC(9) User=0,02s Sys=0,01s Real=0,00s
[2021-11-13T02:16:22.736-0300][gc,start      ] GC(10) Pause Young (Normal) (G1 Evacuation Pause)
[2021-11-13T02:16:22.736-0300][gc,task       ] GC(10) Using 8 workers of 8 for evacuation
[2021-11-13T02:16:22.740-0300][gc,phases     ] GC(10)   Pre Evacuate Collection Set: 0,0ms
[2021-11-13T02:16:22.740-0300][gc,phases     ] GC(10)   Evacuate Collection Set: 3,3ms
[2021-11-13T02:16:22.740-0300][gc,phases     ] GC(10)   Post Evacuate Collection Set: 0,4ms
[2021-11-13T02:16:22.740-0300][gc,phases     ] GC(10)   Other: 0,3ms
[2021-11-13T02:16:22.740-0300][gc,heap       ] GC(10) Eden regions: 52->0(62)
[2021-11-13T02:16:22.740-0300][gc,heap       ] GC(10) Survivor regions: 4->4(7)
[2021-11-13T02:16:22.740-0300][gc,heap       ] GC(10) Old regions: 16->17
[2021-11-13T02:16:22.740-0300][gc,heap       ] GC(10) Humongous regions: 129->129
[2021-11-13T02:16:22.740-0300][gc,metaspace  ] GC(10) Metaspace: 44092K->44092K(1089536K)
[2021-11-13T02:16:22.740-0300][gc            ] GC(10) Pause Young (Normal) (G1 Evacuation Pause) 198M->147M(1024M) 4,002ms
[2021-11-13T02:16:22.740-0300][gc,cpu        ] GC(10) User=0,02s Sys=0,01s Real=0,01s
[2021-11-13T02:34:31.482-0300][gc,start      ] GC(11) Pause Young (Normal) (G1 Evacuation Pause)
[2021-11-13T02:34:31.482-0300][gc,task       ] GC(11) Using 8 workers of 8 for evacuation
[2021-11-13T02:34:31.484-0300][gc,phases     ] GC(11)   Pre Evacuate Collection Set: 0,0ms
[2021-11-13T02:34:31.484-0300][gc,phases     ] GC(11)   Evacuate Collection Set: 1,8ms
[2021-11-13T02:34:31.484-0300][gc,phases     ] GC(11)   Post Evacuate Collection Set: 0,3ms
[2021-11-13T02:34:31.484-0300][gc,phases     ] GC(11)   Other: 0,1ms
[2021-11-13T02:34:31.484-0300][gc,heap       ] GC(11) Eden regions: 62->0(611)
[2021-11-13T02:34:31.484-0300][gc,heap       ] GC(11) Survivor regions: 4->3(9)
[2021-11-13T02:34:31.484-0300][gc,heap       ] GC(11) Old regions: 17->17
[2021-11-13T02:34:31.484-0300][gc,heap       ] GC(11) Humongous regions: 129->129
[2021-11-13T02:34:31.484-0300][gc,metaspace  ] GC(11) Metaspace: 44152K->44152K(1089536K)
[2021-11-13T02:34:31.484-0300][gc            ] GC(11) Pause Young (Normal) (G1 Evacuation Pause) 209M->147M(1024M) 2,310ms
[2021-11-13T02:34:31.484-0300][gc,cpu        ] GC(11) User=0,02s Sys=0,00s Real=0,00s
[2021-11-13T05:54:05.480-0300][gc,start      ] GC(12) Pause Young (Normal) (G1 Evacuation Pause)
[2021-11-13T05:54:05.480-0300][gc,task       ] GC(12) Using 8 workers of 8 for evacuation
[2021-11-13T05:54:05.484-0300][gc,phases     ] GC(12)   Pre Evacuate Collection Set: 0,0ms
[2021-11-13T05:54:05.484-0300][gc,phases     ] GC(12)   Evacuate Collection Set: 3,2ms
[2021-11-13T05:54:05.484-0300][gc,phases     ] GC(12)   Post Evacuate Collection Set: 0,6ms
[2021-11-13T05:54:05.484-0300][gc,phases     ] GC(12)   Other: 0,4ms
[2021-11-13T05:54:05.485-0300][gc,heap       ] GC(12) Eden regions: 611->0(609)
[2021-11-13T05:54:05.485-0300][gc,heap       ] GC(12) Survivor regions: 3->5(77)
[2021-11-13T05:54:05.485-0300][gc,heap       ] GC(12) Old regions: 17->17
[2021-11-13T05:54:05.485-0300][gc,heap       ] GC(12) Humongous regions: 129->129
[2021-11-13T05:54:05.485-0300][gc,metaspace  ] GC(12) Metaspace: 46437K->46437K(1091584K)
[2021-11-13T05:54:05.485-0300][gc            ] GC(12) Pause Young (Normal) (G1 Evacuation Pause) 758M->149M(1024M) 4,212ms
[2021-11-13T05:54:05.485-0300][gc,cpu        ] GC(12) User=0,01s Sys=0,02s Real=0,00s
[2021-11-13T16:10:42.757-0300][gc,start      ] GC(13) Pause Young (Normal) (G1 Evacuation Pause)
[2021-11-13T16:10:42.802-0300][gc,task       ] GC(13) Using 8 workers of 8 for evacuation
[2021-11-13T16:10:42.807-0300][gc,phases     ] GC(13)   Pre Evacuate Collection Set: 0,0ms
[2021-11-13T16:10:42.807-0300][gc,phases     ] GC(13)   Evacuate Collection Set: 4,3ms
[2021-11-13T16:10:42.807-0300][gc,phases     ] GC(13)   Post Evacuate Collection Set: 0,6ms
[2021-11-13T16:10:42.807-0300][gc,phases     ] GC(13)   Other: 45,4ms
[2021-11-13T16:10:42.807-0300][gc,heap       ] GC(13) Eden regions: 609->0(607)
[2021-11-13T16:10:42.807-0300][gc,heap       ] GC(13) Survivor regions: 5->7(77)
[2021-11-13T16:10:42.807-0300][gc,heap       ] GC(13) Old regions: 17->17
[2021-11-13T16:10:42.807-0300][gc,heap       ] GC(13) Humongous regions: 129->129
[2021-11-13T16:10:42.807-0300][gc,metaspace  ] GC(13) Metaspace: 46736K->46736K(1091584K)
[2021-11-13T16:10:42.807-0300][gc            ] GC(13) Pause Young (Normal) (G1 Evacuation Pause) 758M->150M(1024M) 50,405ms
[2021-11-13T16:10:42.807-0300][gc,cpu        ] GC(13) User=0,03s Sys=0,00s Real=0,05s
